--------- beginning of system
03-06 03:43:04.031   783  2401 W ActivityTaskManager: callingPackage for (uid=2000, pid=11435) has no WPC
03-06 03:43:04.033   783  2401 V WindowManager: DesktopModeLaunchParamsModifier: phase= 0 task=null activity=null display-area-from-current-params=null display-area-from-default-fallback=DefaultTaskDisplayArea@147894764 display-id=0 task-display-area-windowing-mode=1 suggested-display-area=DefaultTaskDisplayArea@147894764 task null, skipping
03-06 03:43:04.033   783  2401 V WindowManager: TaskLaunchParamsModifier:phase=0 task=null activity=null display-area-from-current-params=null display-area-from-default-fallback=DefaultTaskDisplayArea@147894764 display-id=0 task-display-area-windowing-mode=1 suggested-display-area=DefaultTaskDisplayArea@147894764
--------- beginning of main
03-06 03:43:04.051   783  2401 V GrammaticalInflectionUtils: AttributionSource: android.content.AttributionSource@5c940e80 does not have READ_SYSTEM_GRAMMATICAL_GENDER permission.
03-06 03:43:04.054   783  2401 V WindowManager: DesktopModeLaunchParamsModifier: phase= 0 task=null activity=ActivityRecord{210347037 u0 com.alertyai.app/.MainActivity display-area-from-current-params=null display-area-from-default-fallback=DefaultTaskDisplayArea@147894764 display-id=0 task-display-area-windowing-mode=1 suggested-display-area=DefaultTaskDisplayArea@147894764 task null, skipping
03-06 03:43:04.054   783  2401 V WindowManager: TaskLaunchParamsModifier:phase=0 task=null activity=ActivityRecord{210347037 u0 com.alertyai.app/.MainActivity t-1} display-area-from-current-params=null display-area-from-default-fallback=DefaultTaskDisplayArea@147894764 display-id=0 task-display-area-windowing-mode=1 suggested-display-area=DefaultTaskDisplayArea@147894764
03-06 03:43:04.055   783  2401 V WindowManager: DesktopModeLaunchParamsModifier: phase= 3 task=null activity=ActivityRecord{210347037 u0 com.alertyai.app/.MainActivity t-1} display-area-from-current-params=null display-area-from-default-fallback=DefaultTaskDisplayArea@147894764 display-id=0 task-display-area-windowing-mode=1 suggested-display-area=DefaultTaskDisplayArea@147894764 task null, skipping
03-06 03:43:04.055   783  2401 V WindowManager: TaskLaunchParamsModifier:phase=3 task=null activity=ActivityRecord{210347037 u0 com.alertyai.app/.MainActivity t-1} display-area-from-current-params=null display-area-from-default-fallback=DefaultTaskDisplayArea@147894764 display-id=0 task-display-area-windowing-mode=1 suggested-display-area=DefaultTaskDisplayArea@147894764 non-freeform-task-display-area display-area=DefaultTaskDisplayArea@147894764 skip-bounds-fullscreen
03-06 03:43:04.064   783  2401 V WindowManager: DesktopModeLaunchParamsModifier: phase= 3 task=Task{209e692 #19 type=standard A=10227:com.alertyai.app} activity=ActivityRecord{210347037 u0 com.alertyai.app/.MainActivity t-1} display-from-task=0 display-id=0 task-display-area-windowing-mode=1 suggested-display-area=DefaultTaskDisplayArea@147894764 not entering desktop mode, skipping
03-06 03:43:04.064   783  2401 V WindowManager: TaskLaunchParamsModifier:phase=3 task=Task{209e692 #19 type=standard A=10227:com.alertyai.app} activity=ActivityRecord{210347037 u0 com.alertyai.app/.MainActivity t-1} display-from-task=0 display-id=0 task-display-area-windowing-mode=1 suggested-display-area=DefaultTaskDisplayArea@147894764 inherit-from-task=fullscreen non-freeform-task-display-area display-area=DefaultTaskDisplayArea@147894764 skip-bounds-fullscreen
03-06 03:43:04.067   619   628 I libbinder.BpBinder: onLastStrongRef automatically unlinking death recipients for descriptor: '(not cached)'
03-06 03:43:04.075   783  2401 I ActivityTaskManager: START u0 {flg=0x10000000 xflg=0x5 cmp=com.alertyai.app/.MainActivity} with LAUNCH_MULTIPLE from uid 2000 (com.android.shell) (BAL_ALLOW_PERMISSION) result code=0
03-06 03:43:04.079  1414  1473 V WindowManagerShell: Transition requested (#72): android.os.BinderProxy@b51b47b TransitionRequestInfo { type = OPEN, triggerTask = TaskInfo{userId=0 taskId=19 effectiveUid=10227 displayId=0 isRunning=true baseIntent=Intent { flg=0x10000000 cmp=com.alertyai.app/.MainActivity } baseActivity=ComponentInfo{com.alertyai.app/com.alertyai.app.MainActivity} topActivity=ComponentInfo{com.alertyai.app/com.alertyai.app.MainActivity} origActivity=null realActivity=ComponentInfo{com.alertyai.app/com.alertyai.app.MainActivity} numActivities=1 lastActiveTime=3172306 supportsMultiWindow=true resizeMode=1 isResizeable=true minWidth=-1 minHeight=-1 defaultMinSize=220 token=WCT{android.os.BinderProxy@8e98298} topActivityType=1 pictureInPictureParams=null shouldDockBigOverlays=false launchIntoPipHostTaskId=-1 lastParentTaskIdBeforePip=-1 displayCutoutSafeInsets=Rect(0, 142 - 0, 0) topActivityInfo=ActivityInfo{ac71af1 com.alertyai.app.MainActivity} launchCookies=[] positionInParent=Point(0, 0) parentTaskId=-1 isFocused=false isVisible=false isVisibleRequested=false isTopActivityNoDisplay=false isSleeping=false locusId=null displayAreaFeatureId=1 isTopActivityTransparent=false isActivityStackTransparent=false lastNonFullscreenBounds=null capturedLink=null capturedLinkTimestamp=0 requestedVisibleTypes=503 topActivityRequestOpenInBrowserEducationTimestamp=0 appCompatTaskInfo=AppCompatTaskInfo { topActivityInSizeCompat=false isLeafTask= true eligibleForLetterboxEducation= false isLetterboxEducationEnabled= true isLetterboxDoubleTapEnabled= false eligibleForUserAspectRatioButton= false topActivityBoundsLetterboxed= false isFromLetterboxDoubleTap= false topActivityLetterboxVerticalPosition= -1 topActivityLetterboxHorizontalPosition= -1 topActivityLetterboxWidth=-1 topActivityLetterboxHeight=-1 topActivityAppBounds=Rect(0, 0 - 1080, 2424) isUserFullscreenOverrideEnabled=false isSystemFullscreenOverrideEnabled=false hasMinAspectRatioOverride=false topActivityLetterboxBounds=null cameraCompatTaskInfo=CameraCompatTaskInfo { cameraCompatMode=undefinedundefined} topNonResizableActivityAspectRatio=-1.0} topActivityMainWindowFrame=null isAppBubble=false}, pipChange = null, remoteTransition = null, displayChange = null, requestedLocation = null, userChange = null, windowingLayerChange = null, flags = 0, debugId = 72 }
03-06 03:43:04.083  1708  1708 D BaseActivity: Launcher flags updated: [state_started|state_resumed|state_deferred_resumed|state_window_focused] -[state_user_active]
03-06 03:43:04.087  1708  1708 D BaseActivity: Launcher flags updated: [state_started|state_window_focused] -[state_resumed|state_deferred_resumed]
03-06 03:43:04.087  1414  1473 D ShellSplitScreen: logExit: no-op, mLoggerSessionId is null
03-06 03:43:04.090   783   824 V GrammaticalInflectionUtils: AttributionSource: android.content.AttributionSource@5c940e80 does not have READ_SYSTEM_GRAMMATICAL_GENDER permission.
03-06 03:43:04.090  1414  1473 V ShellDesktopMode: DesktopTasksController: handleRequest request=TransitionRequestInfo { type = OPEN, triggerTask = TaskInfo{userId=0 taskId=19 effectiveUid=10227 displayId=0 isRunning=true baseIntent=Intent { flg=0x10000000 cmp=com.alertyai.app/.MainActivity } baseActivity=ComponentInfo{com.alertyai.app/com.alertyai.app.MainActivity} topActivity=ComponentInfo{com.alertyai.app/com.alertyai.app.MainActivity} origActivity=null realActivity=ComponentInfo{com.alertyai.app/com.alertyai.app.MainActivity} numActivities=1 lastActiveTime=3172306 supportsMultiWindow=true resizeMode=1 isResizeable=true minWidth=-1 minHeight=-1 defaultMinSize=220 token=WCT{android.os.BinderProxy@8e98298} topActivityType=1 pictureInPictureParams=null shouldDockBigOverlays=false launchIntoPipHostTaskId=-1 lastParentTaskIdBeforePip=-1 displayCutoutSafeInsets=Rect(0, 142 - 0, 0) topActivityInfo=ActivityInfo{ac71af1 com.alertyai.app.MainActivity} launchCookies=[] positionInParent=Point(0, 0) parentTaskId=-1 isFocused=false isVisible=false isVisibleRequested=false isTopActivityNoDisplay=false isSleeping=false locusId=null displayAreaFeatureId=1 isTopActivityTransparent=false isActivityStackTransparent=false lastNonFullscreenBounds=null capturedLink=null capturedLinkTimestamp=0 requestedVisibleTypes=503 topActivityRequestOpenInBrowserEducationTimestamp=0 appCompatTaskInfo=AppCompatTaskInfo { topActivityInSizeCompat=false isLeafTask= true eligibleForLetterboxEducation= false isLetterboxEducationEnabled= true isLetterboxDoubleTapEnabled= false eligibleForUserAspectRatioButton= false topActivityBoundsLetterboxed= false isFromLetterboxDoubleTap= false topActivityLetterboxVerticalPosition= -1 topActivityLetterboxHorizontalPosition= -1 topActivityLetterboxWidth=-1 topActivityLetterboxHeight=-1 topActivityAppBounds=Rect(0, 0 - 1080, 2424) isUserFullscreenOverrideEnabled=false isSystemFullscreenOverrideEnabled=false hasMinAspectRatioOverride=false topActivityLetterboxBounds=null cameraCompatTaskInfo=CameraCompatTaskInfo { cameraCompatMode=undefinedundefined} topNonResizableActivityAspectRatio=-1.0} topActivityMainWindowFrame=null isAppBubble=false}, pipChange = null, remoteTransition = null, displayChange = null, requestedLocation = null, userChange = null, windowingLayerChange = null, flags = 0, debugId = 72 }
03-06 03:43:04.091  1708  1708 W SplitSelectStateCtor: Missing session instanceIds
03-06 03:43:04.091  1414  1473 V ShellDesktopMode: DesktopTasksController: skipping handleRequest reason=triggerTask's display doesn't support desktop mode
03-06 03:43:04.091  1708  1708 D StatsLog: LAUNCHER_SPLIT_SELECTION_EXIT_INTERRUPTED
03-06 03:43:04.094  1414  1473 D WindowManagerShell: setLauncherKeepClearAreaHeight: visible=false, height=495
03-06 03:43:04.095   783  2401 D CompatChangeReporter: Compat change id reported: 309578419; UID 10227; state: ENABLED
03-06 03:43:04.097   783  1498 V WindowManager: Defer transition id=72 for TaskFragmentTransaction=android.os.Binder@5dbd9de
03-06 03:43:04.103   783  1355 D BackgroundInstallControlService: Package event received: 0
03-06 03:43:04.103   783  1498 V WindowManager: deferTransitionReady deferReadyDepth=1 stack=com.android.server.wm.TransitionController.deferTransitionReady:1061 com.android.server.wm.TaskFragmentOrganizerController$TaskFragmentOrganizerState.dispatchTransaction:517 com.android.server.wm.TaskFragmentOrganizerController.dispatchPendingEvents:1259 com.android.server.wm.TaskFragmentOrganizerController.dispatchPendingEvents:1228 com.android.server.wm.RootWindowContainer.performSurfacePlacement:777 
03-06 03:43:04.104  1708  1708 D RecentsView: onTaskDisplayChanged: 19, new displayId = 0
03-06 03:43:04.105  1414  1473 D ShellDesktopMode: DesktopRepository: Removes freeform task: taskId=18
03-06 03:43:04.105  1708  1708 D b/417220811: invalidateLoadedTasks - previous requestLoadId: -1
03-06 03:43:04.106  1414  1473 W ShellDesktopMode: DesktopRepository: No display id found for task: taskId=18
03-06 03:43:04.108  1708  1708 D b/417220811: invalidateLoadedTasks - previous requestLoadId: -1
03-06 03:43:04.108   783  1498 V WindowManager: Continue transition id=72 for TaskFragmentTransaction=android.os.Binder@5dbd9de
03-06 03:43:04.108   783  1498 V WindowManager: continueTransitionReady deferReadyDepth=0 stack=com.android.server.wm.TransitionController.continueTransitionReady:1071 com.android.server.wm.TaskFragmentOrganizerController$TaskFragmentOrganizerState.onTransactionFinished:546 com.android.server.wm.TaskFragmentOrganizerController.onTransactionHandled:740 android.window.ITaskFragmentOrganizerController$Stub.onTransact:225 android.os.Binder.execTransactInternal:1473 
03-06 03:43:04.129  1708  1708 D BaseActivity: Launcher flags updated: [state_started] -[state_window_focused]
03-06 03:43:04.145   660  6578 W libbinder.IPCThreadState: Sending oneway calls to frozen process.
03-06 03:43:04.145   660  6578 W libbinder.IPCThreadState: Sending oneway calls to frozen process.
03-06 03:43:04.163  1414  1563 D WindowOnBackDispatcher: setTopOnBackInvokedCallback (unwrapped): android.view.ViewRootImpl$$ExternalSyntheticLambda12@5b303e3
03-06 03:43:04.164   783  1498 D CoreBackPreview: Window{693fe8c u0 Splash Screen com.alertyai.app}: Setting back callback OnBackInvokedCallbackInfo{mCallback=android.window.IOnBackInvokedCallback$Stub$Proxy@a47b5ea, mPriority=0, mIsAnimationCallback=false, mOverrideBehavior=0}
03-06 03:43:04.179   547   547 D Zygote  : Forked child process 11438
03-06 03:43:04.180   783   832 W ActivityManager: Slow operation: 88ms so far, now at startProcess: returned from zygote!
03-06 03:43:04.180   783   832 W ActivityManager: Slow operation: 89ms so far, now at startProcess: done updating battery stats
03-06 03:43:04.180   783   832 W ActivityManager: Slow operation: 89ms so far, now at startProcess: building log message
03-06 03:43:04.180   783   832 I ActivityManager: Start proc 11438:com.alertyai.app/u0a227 for next-top-activity {com.alertyai.app/com.alertyai.app.MainActivity}
03-06 03:43:04.180   783   832 W ActivityManager: Slow operation: 89ms so far, now at startProcess: starting to update pids map
03-06 03:43:04.182   783   832 W ActivityManager: Slow operation: 91ms so far, now at startProcess: done updating pids map
03-06 03:43:04.241  1708  1708 D b/417220811: invalidateLoadedTasks - previous requestLoadId: -1
03-06 03:43:04.334   783   821 V WindowManager: Sent Transition (#72) createdAt=03-06 03:43:04.054 via request=TransitionRequestInfo { type = OPEN, triggerTask = TaskInfo{userId=0 taskId=19 effectiveUid=10227 displayId=0 isRunning=true baseIntent=Intent { flg=0x10000000 cmp=com.alertyai.app/.MainActivity } baseActivity=ComponentInfo{com.alertyai.app/com.alertyai.app.MainActivity} topActivity=ComponentInfo{com.alertyai.app/com.alertyai.app.MainActivity} origActivity=null realActivity=ComponentInfo{com.alertyai.app/com.alertyai.app.MainActivity} numActivities=1 lastActiveTime=3172306 supportsMultiWindow=true resizeMode=1 isResizeable=true minWidth=-1 minHeight=-1 defaultMinSize=220 token=WCT{RemoteToken{3c99324 Task{209e692 #19 type=standard A=10227:com.alertyai.app}}} topActivityType=1 pictureInPictureParams=null shouldDockBigOverlays=false launchIntoPipHostTaskId=-1 lastParentTaskIdBeforePip=-1 displayCutoutSafeInsets=Rect(0, 142 - 0, 0) topActivityInfo=ActivityInfo{980ce8d com.alertyai.app.MainActivity} launchCookies=[] positionInParent=Point(0, 0) parentTaskId=-1 isFocused=false isVisible=false isVisibleRequested=false isTopActivityNoDisplay=false isSleeping=false locusId=null displayAreaFeatureId=1 isTopActivityTransparent=false isActivityStackTransparent=false lastNonFullscreenBounds=null capturedLink=null capturedLinkTimestamp=0 requestedVisibleTypes=503 topActivityRequestOpenInBrowserEducationTimestamp=0 appCompatTaskInfo=AppCompatTaskInfo { topActivityInSizeCompat=false isLeafTask= true eligibleForLetterboxEducation= false isLetterboxEducationEnabled= true isLetterboxDoubleTapEnabled= false eligibleForUserAspectRatioButton= false topActivityBoundsLetterboxed= false isFromLetterboxDoubleTap= false topActivityLetterboxVerticalPosition= -1 topActivityLetterboxHorizontalPosition= -1 topActivityLetterboxWidth=-1 topActivityLetterboxHeight=-1 topActivityAppBounds=Rect(0, 0 - 1080, 2424) isUserFullscreenOverrideEnabled=false isSystemFullscreenOverrideEnabled=false hasMinAspectRatioOverride=false topActivityLetterboxBounds=null cameraCompatTaskInfo=CameraCompatTaskInfo { cameraCompatMode=undefinedundefined} topNonResizableActivityAspectRatio=-1.0} topActivityMainWindowFrame=null isAppBubble=false}, pipChange = null, remoteTransition = null, displayChange = null, requestedLocation = null, userChange = null, windowingLayerChange = null, flags = 0, debugId = 72 }
03-06 03:43:04.334   783   821 V WindowManager:     startWCT=WindowContainerTransaction { changes= {} hops= [] errorCallbackToken=null taskFragmentOrganizer=null }
03-06 03:43:04.335   783   821 V WindowManager:     info={id=72 t=OPEN f=0x0 trk=0 r=[0@Point(0, 0)] c=[
03-06 03:43:04.335   783   821 V WindowManager:         {WCT{RemoteToken{3c99324 Task{209e692 #19 type=standard A=10227:com.alertyai.app}}} m=OPEN f=NONE leash=Surface(name=Task=19#664)/@0xc87778 sb=Rect(0, 0 - 1080, 2424) eb=Rect(0, 0 - 1080, 2424) epz=Point(1080, 2424) d=0 taskParent=-1 winMode=1 userId=0},
03-06 03:43:04.335   783   821 V WindowManager:         {WCT{RemoteToken{a823547 Task{8cab3a1 #1 type=home}}} m=TO_BACK f=SHOW_WALLPAPER leash=Surface(name=Task=1#44)/@0xc6edefa sb=Rect(0, 0 - 1080, 2424) eb=Rect(0, 0 - 1080, 2424) epz=Point(1080, 2424) d=0 taskParent=-1 winMode=1 userId=0},
03-06 03:43:04.335   783   821 V WindowManager:         {m=TO_BACK f=IS_WALLPAPER leash=Surface(name=WallpaperWindowToken{6440b9c}#57)/@0x76c1d1c sb=Rect(0, 0 - 1080, 2424) eb=Rect(0, 0 - 1080, 2424) epz=Point(1080, 2424) d=0}
03-06 03:43:04.335   783   821 V WindowManager:     ]}
03-06 03:43:04.335  1414  2811 V WindowManagerShell: onTransitionReady(transaction=3362959398400)
03-06 03:43:04.335  1414  1473 V WindowManagerShell: onTransitionReady (#72) android.os.BinderProxy@b51b47b: {id=72 t=OPEN f=0x0 trk=0 r=[0@Point(0, 0)] c=[
03-06 03:43:04.335  1414  1473 V WindowManagerShell:         {m=OPEN f=NONE leash=Surface(name=Task=19#664)/@0x46e0f6a sb=Rect(0, 0 - 1080, 2424) eb=Rect(0, 0 - 1080, 2424) epz=Point(1080, 2424) d=0 taskParent=-1 winMode=1 userId=0},
03-06 03:43:04.335  1414  1473 V WindowManagerShell:         {m=TO_BACK f=SHOW_WALLPAPER leash=Surface(name=Task=1#44)/@0x18b0c5b sb=Rect(0, 0 - 1080, 2424) eb=Rect(0, 0 - 1080, 2424) epz=Point(1080, 2424) d=0 taskParent=-1 winMode=1 userId=0},
03-06 03:43:04.335  1414  1473 V WindowManagerShell:         {m=TO_BACK f=IS_WALLPAPER leash=Surface(name=WallpaperWindowToken{6440b9c}#57)/@0xf5a2cf8 sb=Rect(0, 0 - 1080, 2424) eb=Rect(0, 0 - 1080, 2424) epz=Point(1080, 2424) d=0}
03-06 03:43:04.335  1414  1473 V WindowManagerShell:     ]}
03-06 03:43:04.339  1414  1473 V WindowManagerShell: Playing animation for (#72) android.os.BinderProxy@b51b47b@0
03-06 03:43:04.349  1414  1473 V ShellRecents: RecentsTransitionHandler.startAnimation: no controller found
03-06 03:43:04.349  1414  1473 V ShellDesktopMode: DesktopMixedTransitionHandler: No pending desktop transition
03-06 03:43:04.352  1414  1473 V WindowManagerShell: Transition doesn't have explicit remote, search filters for match for {id=72 t=OPEN f=0x0 trk=0 r=[0@Point(0, 0)] c=[{m=OPEN f=NONE leash=Surface(name=Task=19#664)/@0x46e0f6a sb=Rect(0, 0 - 1080, 2424) eb=Rect(0, 0 - 1080, 2424) epz=Point(1080, 2424) d=0 taskParent=-1 winMode=1 userId=0},{m=TO_BACK f=SHOW_WALLPAPER leash=Surface(name=Task=1#44)/@0x18b0c5b sb=Rect(0, 0 - 1080, 2424) eb=Rect(0, 0 - 1080, 2424) epz=Point(1080, 2424) d=0 taskParent=-1 winMode=1 userId=0},{m=TO_BACK f=IS_WALLPAPER leash=Surface(name=WallpaperWindowToken{6440b9c}#57)/@0xf5a2cf8 sb=Rect(0, 0 - 1080, 2424) eb=Rect(0, 0 - 1080, 2424) epz=Point(1080, 2424) d=0}]}
03-06 03:43:04.353  1414  1473 V WindowManagerShell:  Checking filter Pair{{types=[] flags=0x0] notFlags=0x0 checks=[{atype=undefined independent=true modes=[CLOSE,TO_BACK] flags=IN_TASK_WITH_EMBEDDED_ACTIVITY mustBeTask=false order=ANY topActivity=null launchCookie=null taskFragmentToken=android.os.BinderProxy@e493205 windowingMode=undefined isCrossDisplayMove=false}]} RemoteTransition { remoteTransition = android.window.IRemoteTransition$Stub$Proxy@746025a, appThread = android.app.IApplicationThread$Stub$Proxy@9229c8b, debugName = overlayBackTransition }}
03-06 03:43:04.353  1414  1473 V WindowManagerShell:  Checking filter Pair{{types=[] flags=0x0] notFlags=0x0 checks=[{atype=dream independent=true modes=[OPEN,TO_FRONT] flags=NONE mustBeTask=false order=ANY topActivity=null launchCookie=null windowingMode=undefined isCrossDisplayMove=false},{atype=home independent=true modes=[CLOSE,TO_BACK] flags=NONE mustBeTask=false order=ANY topActivity=null launchCookie=null windowingMode=undefined isCrossDisplayMove=false}]} RemoteTransition { remoteTransition = android.window.IRemoteTransition$Stub$Proxy@df13168, appThread = android.app.IApplicationThread$Stub$Proxy@b2fe981, debugName = LauncherToDream }}
03-06 03:43:04.353  1414  1473 V WindowManagerShell:  Checking filter Pair{{types=[] flags=0x0] notFlags=0x100 checks=[{atype=home independent=true modes=[OPEN,TO_FRONT] flags=NONE mustBeTask=false order=TOP topActivity=ComponentInfo{com.google.android.apps.nexuslauncher/com.google.android.apps.nexuslauncher.NexusLauncherActivity} launchCookie=null windowingMode=undefined isCrossDisplayMove=false},{atype=standard independent=true modes=[CLOSE,TO_BACK] flags=NONE mustBeTask=false order=ANY topActivity=null launchCookie=null windowingMode=undefined isCrossDisplayMove=false},{NOT atype=undefined independent=true modes=[] flags=NONE mustBeTask=true order=ANY topActivity=null launchCookie=null customAnim=true windowingMode=undefined isCrossDisplayMove=false}]} RemoteTransition { remoteTransition = android.window.IRemoteTransition$Stub$Proxy@751ea26, appThread = android.app.IApplicationThread$Stub$Proxy@29c7667, debugName = QuickstepLaunchHome }}
03-06 03:43:04.353  1414  1473 V WindowManagerShell:  Checking filter Pair{{types=[OPEN,TO_FRONT] flags=0x0] notFlags=0x0 checks=[{atype=standard independent=true modes=[OPEN,TO_FRONT] flags=NONE mustBeTask=true order=ANY topActivity=null launchCookie=null windowingMode=freeform isCrossDisplayMove=false}]} RemoteTransition { remoteTransition = android.window.IRemoteTransition$Stub$Proxy@b459040, appThread = null, debugName = DesktopWindowLimitUnminimize }}
03-06 03:43:04.353  1414  1473 V WindowManagerShell:  Delegate animation for (#72) to null
03-06 03:43:04.353  1414  1473 V WindowManagerShell: start default transition animation, info = {id=72 t=OPEN f=0x0 trk=0 r=[0@Point(0, 0)] c=[{m=OPEN f=NONE leash=Surface(name=Task=19#664)/@0x46e0f6a sb=Rect(0, 0 - 1080, 2424) eb=Rect(0, 0 - 1080, 2424) epz=Point(1080, 2424) d=0 taskParent=-1 winMode=1 userId=0},{m=TO_BACK f=SHOW_WALLPAPER leash=Surface(name=Task=1#44)/@0x18b0c5b sb=Rect(0, 0 - 1080, 2424) eb=Rect(0, 0 - 1080, 2424) epz=Point(1080, 2424) d=0 taskParent=-1 winMode=1 userId=0},{m=TO_BACK f=IS_WALLPAPER leash=Surface(name=WallpaperWindowToken{6440b9c}#57)/@0xf5a2cf8 sb=Rect(0, 0 - 1080, 2424) eb=Rect(0, 0 - 1080, 2424) epz=Point(1080, 2424) d=0}]}
03-06 03:43:04.354  1414  1473 V WindowManagerShell: loadAnimation: anim=android.view.animation.AnimationSet@fe41337 animAttr=0x13 type=OPEN isEntrance=false
03-06 03:43:04.357  1414  1473 V WindowManagerShell: loadAnimation: anim=android.view.animation.AnimationSet@2c50e0d animAttr=0x12 type=OPEN isEntrance=true
03-06 03:43:04.358 11438 11438 I Zygote  : Process 11438 created for com.alertyai.app
03-06 03:43:04.358  1414  1473 V WindowManagerShell:  animated by com.android.wm.shell.transition.DefaultTransitionHandler@d40b5e1
03-06 03:43:04.359  1414  1473 V ShellTaskOrganizer: Task appeared taskId=19 listener=FullscreenTaskListener
03-06 03:43:04.359  1414  1473 V ShellTaskOrganizer: Fullscreen Task Appeared: #19
03-06 03:43:04.362  1708  1708 D b/417220811: invalidateLoadedTasks - previous requestLoadId: -1
03-06 03:43:04.364 11438 11438 I om.alertyai.app: Late-enabling -Xcheck:jni
03-06 03:43:04.422   576   600 I RanchuHwc: logCompositionFallbackIfChanged: layer 120 CompositionType fallback from 2 to 1
03-06 03:43:04.615 11438 11438 I om.alertyai.app: Using CollectorTypeCMC GC.
03-06 03:43:04.623 11438 11438 W om.alertyai.app: Unexpected CPU variant for x86: x86_64.
03-06 03:43:04.623 11438 11438 W om.alertyai.app: Known variants: atom, sandybridge, silvermont, goldmont, goldmont-plus, goldmont-without-sha-xsaves, tremont, kabylake, alderlake, default
03-06 03:43:04.673  1414  1473 V WindowManagerShell: Transition animation finished (aborted=false), notifying core (#72) android.os.BinderProxy@b51b47b@0
03-06 03:43:04.676   783   821 V WindowManager: Finish Transition (#72): created at 03-06 03:43:04.054 collect-started=0.078ms request-sent=20.404ms started=36.755ms ready=275.561ms sent=278.197ms commit=56.522ms finished=621.505ms
03-06 03:43:04.682  1708  1708 D VRI[NexusLauncherActivity]: visibilityChanged oldVisibility=true newVisibility=false
03-06 03:43:04.683  1414  1473 V WindowManagerShell: Track 0 became idle
03-06 03:43:04.683  1414  1473 V WindowManagerShell: All active transition animations finished
03-06 03:43:04.685  1414  1703 D WallpaperService: onVisibilityChanged(false): com.android.systemui.wallpapers.ImageWallpaper$CanvasEngine@635e218
03-06 03:43:04.688  1708  1708 D NexusLauncherModelDelegate: notifySmartspaceEvent: SmartspaceTargetEvent{mSmartspaceTarget=null, mSmartspaceActionId='null', mEventType=7}
03-06 03:43:04.699  1414  1473 D Bubbles : onLocusVisibilityChanged=Overview|DISABLED visible=false taskId=1
03-06 03:43:04.725  1709  1731 I adbd    : jdwp connection from 11438
03-06 03:43:04.799 11438 11438 D nativeloader: Load libframework-connectivity-tiramisu-jni.so using APEX ns com_android_tethering for caller /apex/com.android.tethering/javalib/framework-connectivity-t.jar: ok
03-06 03:43:04.865   783  1355 D BackgroundInstallControlService: Package event received: 0
03-06 03:43:04.999   783  1290 I HalDevMgr: bestIfaceCreationProposal is null, requestIface=STA, existingIface=[name=wlan0 type=STA]
03-06 03:43:05.394 11438 11438 D nativeloader: Configuring clns-9 for other apk /data/app/~~swxb2Rt5J64XQIR6MDkupw==/com.alertyai.app-5GugflwO3mu6gCFWWWrTyg==/base.apk. target_sdk_version=35, uses_libraries=, library_path=/data/app/~~swxb2Rt5J64XQIR6MDkupw==/com.alertyai.app-5GugflwO3mu6gCFWWWrTyg==/lib/x86_64:/data/app/~~swxb2Rt5J64XQIR6MDkupw==/com.alertyai.app-5GugflwO3mu6gCFWWWrTyg==/base.apk!/lib/x86_64, permitted_path=/data:/mnt/expand:/data/user/0/com.alertyai.app
03-06 03:43:05.406 11438 11438 D CompatChangeReporter: Compat change id reported: 202956589; UID 10227; state: ENABLED
03-06 03:43:05.434 11438 11438 V GraphicsEnvironment: Currently set values for:
03-06 03:43:05.434 11438 11438 V GraphicsEnvironment:   angle_gl_driver_selection_pkgs=[]
03-06 03:43:05.434 11438 11438 V GraphicsEnvironment:   angle_gl_driver_selection_values=[]
03-06 03:43:05.434 11438 11438 V GraphicsEnvironment: com.alertyai.app is not listed in per-application setting
03-06 03:43:05.435 11438 11438 V GraphicsEnvironment: ANGLE allowlist from config: com.dreamgames.royalmatch com.dts.freefiremax com.dxx.firenow com.gramgames.mergedragons com.ludo.king com.mojang.minecraftpe com.my.defense com.nintendo.zaka com.os.airforce com.playrix.fishdomdd.gplay io.teslatech.callbreak jp.konami.prospia net.peakgames.toonblast
03-06 03:43:05.435 11438 11438 V GraphicsEnvironment: No special selections for ANGLE, returning default driver choice
03-06 03:43:05.436 11438 11438 V GraphicsEnvironment: Neither updatable production driver nor prerelease driver is supported.
03-06 03:43:05.519 11438 11438 D WM-WrkMgrInitializer: Initializing WorkManager with default configuration.
03-06 03:43:05.581 11438 11438 D WM-PackageManagerHelper: Skipping component enablement for androidx.work.impl.background.systemjob.SystemJobService
03-06 03:43:05.581 11438 11438 D WM-Schedulers: Created SystemJobScheduler and enabled SystemJobService
03-06 03:43:05.612 11438 11455 E ashmem  : Pinning is deprecated since Android Q. Please use trim or other methods.
03-06 03:43:05.622   783  1498 D CompatChangeReporter: Compat change id reported: 324203798; UID 10227; state: ENABLED
03-06 03:43:05.625   783  1355 D BackgroundInstallControlService: Package event received: 0
03-06 03:43:05.625   783  1355 D BackgroundInstallControlService: Package event received: 0
03-06 03:43:05.634 11438 11456 I DisplayManager: Choreographer implicitly registered for the refresh rate.
03-06 03:43:05.688 11438 11438 D DesktopExperienceFlags: Toggle override initialized to: false
03-06 03:43:05.715 11438 11456 I GFXSTREAM: [eglDisplay.cpp(297)] Opening libGLESv1_CM_emulation.so
03-06 03:43:05.716 11438 11456 I GFXSTREAM: [eglDisplay.cpp(297)] Opening libGLESv2_emulation.so
03-06 03:43:05.737 11438 11456 W HWUI    : Failed to choose config with EGL_SWAP_BEHAVIOR_PRESERVED, retrying without...
03-06 03:43:05.737 11438 11456 W HWUI    : Failed to initialize 101010-2 format, error = EGL_SUCCESS
03-06 03:43:05.762 11438 11438 D CompatChangeReporter: Compat change id reported: 309578419; UID 10227; state: ENABLED
03-06 03:43:05.762 11438 11438 D DesktopModeFlags: Toggle override initialized to: OVERRIDE_UNSET
03-06 03:43:05.866 11438 11438 D CompatChangeReporter: Compat change id reported: 349153669; UID 10227; state: ENABLED
03-06 03:43:05.869 11438 11438 W HWUI    : Unknown dataspace 0
03-06 03:43:06.197 11438 11443 I om.alertyai.app: Compiler allocated 5082KB to compile void android.view.ViewRootImpl.performTraversals()
03-06 03:43:06.398 11438 11438 D VRI[MainActivity]: WindowInsets changed: 1080x2424 statusBars:[0,142,0,0] navigationBars:[0,0,0,63] mandatorySystemGestures:[0,174,0,84] 
03-06 03:43:06.406 11438 11438 D WindowOnBackDispatcher: setTopOnBackInvokedCallback (unwrapped): android.view.ViewRootImpl$$ExternalSyntheticLambda12@e1706ef
03-06 03:43:06.407   783  2401 D CoreBackPreview: Window{9ed46b5 u0 com.alertyai.app/com.alertyai.app.MainActivity}: Setting back callback OnBackInvokedCallbackInfo{mCallback=android.window.IOnBackInvokedCallback$Stub$Proxy@3789931, mPriority=0, mIsAnimationCallback=false, mOverrideBehavior=0}
03-06 03:43:06.549 11438 11438 I HWUI    : Using FreeType backend (prop=Auto)
03-06 03:43:06.663 11438 11438 W om.alertyai.app: Method boolean androidx.compose.runtime.snapshots.SnapshotStateList.conditionalUpdate(boolean, kotlin.jvm.functions.Function1) failed lock verification and will run slower.
03-06 03:43:06.663 11438 11438 W om.alertyai.app: Common causes for lock verification issues are non-optimized dex code
03-06 03:43:06.663 11438 11438 W om.alertyai.app: and incorrect proguard optimizations.
03-06 03:43:06.663 11438 11438 W om.alertyai.app: Method boolean androidx.compose.runtime.snapshots.SnapshotStateList.conditionalUpdate$default(androidx.compose.runtime.snapshots.SnapshotStateList, boolean, kotlin.jvm.functions.Function1, int, java.lang.Object) failed lock verification and will run slower.
03-06 03:43:06.664 11438 11438 W om.alertyai.app: Method java.lang.Object androidx.compose.runtime.snapshots.SnapshotStateList.mutate(kotlin.jvm.functions.Function1) failed lock verification and will run slower.
03-06 03:43:06.664 11438 11438 W om.alertyai.app: Method void androidx.compose.runtime.snapshots.SnapshotStateList.update(boolean, kotlin.jvm.functions.Function1) failed lock verification and will run slower.
03-06 03:43:06.664 11438 11438 W om.alertyai.app: Method void androidx.compose.runtime.snapshots.SnapshotStateList.update$default(androidx.compose.runtime.snapshots.SnapshotStateList, boolean, kotlin.jvm.functions.Function1, int, java.lang.Object) failed lock verification and will run slower.
03-06 03:43:07.091   783   821 I ActivityTaskManager: Displayed com.alertyai.app/.MainActivity for user 0: +3s56ms
03-06 03:43:07.094 11438 11452 I HWUI    : Davey! duration=1168ms; Flags=1, FrameTimelineVsyncId=216200, IntendedVsync=3174118563934, Vsync=3174118563934, InputEventId=0, HandleInputStart=3174119802500, AnimationStart=3174119819800, PerformTraversalsStart=3174119839400, DrawStart=3175174716500, FrameDeadline=3174135230600, FrameStartTime=3174119795900, FrameInterval=16666666, WorkloadTarget=16666666, SyncQueued=3175220115400, SyncStart=3175252523200, IssueDrawCommandsStart=3175252622300, SwapBuffers=3175294917700, FrameCompleted=3175319517000, DequeueBufferDuration=200100, QueueBufferDuration=172000, GpuCompleted=3175319517000, SwapBuffersCompleted=3175305707100, DisplayPresentTime=0, CommandSubmissionCompleted=3175294917700, 
03-06 03:43:07.246 11438 11438 I Choreographer: Skipped 74 frames!  The application may be doing too much work on its main thread.
03-06 03:43:07.247 11438 11469 I okhttp.OkHttpClient: --> GET https://alertyai-backend.onrender.com/api/tasks
03-06 03:43:07.301   783  1012 I ImeTracker: com.alertyai.app:f6c2ab69: onRequestHide at ORIGIN_SERVER reason HIDE_UNSPECIFIED_WINDOW fromUser false
03-06 03:43:07.306  7379  7379 I GoogleInputMethodService: GoogleInputMethodService.onFinishInput():2057 
03-06 03:43:07.307   783  2401 I ImeTracker: system_server:d443a507: onRequestHide at ORIGIN_SERVER reason IME_REQUESTED_CHANGED_LISTENER fromUser false
03-06 03:43:07.308  1612  1841 D SatelliteController: iisInCarrierRoamingNbIotNtn: satellite is disabled
03-06 03:43:07.308   783   824 I ImeTracker: system_server:d443a507: onCancelled at PHASE_SERVER_SHOULD_HIDE
03-06 03:43:07.310  1612  1841 D SatelliteController: getCarrierRoamingNtnConnectType: Falling back to global carrier config connect type: 0
03-06 03:43:07.312  7379  7379 I Module  : DeviceLockedStatusModuleProvider$Module.updateDeviceLockedStatus():100 repeatCheckTimes = 0, locked = false
03-06 03:43:07.317   660  6578 W libbinder.IPCThreadState: Sending oneway calls to frozen process.
03-06 03:43:07.317   660  6578 W libbinder.IPCThreadState: Sending oneway calls to frozen process.
03-06 03:43:07.321  7379  7379 I GoogleInputMethodService: GoogleInputMethodService.onStartInput():1318 onStartInput(EditorInfo{EditorInfo{packageName=com.alertyai.app, inputType=0, inputTypeString=NULL, enableLearning=false, autoCorrection=false, autoComplete=false, imeOptions=0, privateImeOptions=null, actionName=UNSPECIFIED, actionLabel=null, initialSelStart=-1, initialSelEnd=-1, initialCapsMode=0, label=null, fieldId=0, fieldName=null, extras=null, hintText=null, hintLocales=[]}}, false)
03-06 03:43:07.327  7379  7379 I Module  : DeviceLockedStatusModuleProvider$Module.updateDeviceLockedStatus():100 repeatCheckTimes = 1, locked = false
03-06 03:43:07.328  7154  7226 I FontLog : (REDACTED) Received query %s, URI %s
03-06 03:43:07.329  7154  7226 I FontLog : (REDACTED) Query [%s] resolved to %s
03-06 03:43:07.334 11438 11438 D InsetsController: hide(ime())
03-06 03:43:07.335   783  2401 W PackageConfigPersister: App-specific configuration not found for packageName: com.alertyai.app and userId: 0
03-06 03:43:07.335 11438 11438 I ImeTracker: com.alertyai.app:f6c2ab69: onCancelled at PHASE_CLIENT_ALREADY_HIDDEN
03-06 03:43:07.346 11438 11450 I HWUI    : Davey! duration=1328ms; Flags=0, FrameTimelineVsyncId=216222, IntendedVsync=3174235230596, Vsync=3175468563880, InputEventId=0, HandleInputStart=3175478462000, AnimationStart=3175478478800, PerformTraversalsStart=3175511001300, DrawStart=3175516401600, FrameDeadline=3175351897218, FrameStartTime=3175478150500, FrameInterval=16666666, WorkloadTarget=16666666, SyncQueued=3175519897400, SyncStart=3175526150800, IssueDrawCommandsStart=3175526301500, SwapBuffers=3175561826400, FrameCompleted=3175569781400, DequeueBufferDuration=16400, QueueBufferDuration=486800, GpuCompleted=3175569781400, SwapBuffersCompleted=3175566731700, DisplayPresentTime=0, CommandSubmissionCompleted=3175561826400, 
03-06 03:43:07.349  7154  7226 I FontLog : (REDACTED) Fetch %s end status %s
03-06 03:43:07.373  7154  7165 I FontLog : (REDACTED) Pulling font file for id = %d, cache size = %d
03-06 03:43:07.391  7154  7165 I FontLog : (REDACTED) Pulling font file for id = %d, cache size = %d
03-06 03:43:07.449  1708  1708 D BaseActivity: Launcher flags updated: [] -[state_started]
03-06 03:43:07.449  1708  1708 D BaseDepthController: setSurface:
03-06 03:43:07.449  1708  1708 D BaseDepthController: 	mWaitingOnSurfaceValidity: false
03-06 03:43:07.449  1708  1708 D BaseDepthController: 	mBaseSurface: null
03-06 03:43:07.449  1708  1708 D BaseDepthController: mSurface is null and mCurrentBlur is: 79
03-06 03:43:07.453  1708  1708 D ActivityContext: hideKeyboard
03-06 03:43:07.453  1708  1708 D ActivityContext: isImeShown: false
03-06 03:43:07.453  1708  1708 D StatsLog: LAUNCHER_ONSTOP
03-06 03:43:07.458   660  5361 W libbinder.IPCThreadState: Sending oneway calls to frozen process.
03-06 03:43:07.459   660  5361 W libbinder.IPCThreadState: Sending oneway calls to frozen process.
03-06 03:43:07.461  1708  3694 D GmsPlayProvider: Shutdown the binder channel gracefully.
03-06 03:43:07.463  1708  3694 D GmsPlayProvider: Binder channel is terminated gracefully.
03-06 03:43:07.467  1414  1563 D WindowOnBackDispatcher: setTopOnBackInvokedCallback (unwrapped): null
03-06 03:43:07.468   783  1498 D CoreBackPreview: Window{693fe8c u0 Splash Screen com.alertyai.app EXITING}: Setting back callback null
03-06 03:43:07.469  1708  1708 D StatsLog: LAUNCHER_GOOGLE_SEARCH_RESTORE_LIST_SIZE_AFTER_ACTIVITY_RESTART
03-06 03:43:07.480   783  1355 D BackgroundInstallControlService: Package event received: 0
03-06 03:43:07.579  1708  1717 W System  : A resource failed to call release. 
03-06 03:43:07.579  1708  1717 W System  : A resource failed to call release. 
03-06 03:43:07.579  1708  1717 W System  : A resource failed to call release. 
03-06 03:43:07.587  1708  1717 W System  : A resource failed to call release. 
03-06 03:43:07.587  1708  1717 W System  : A resource failed to call release. 
03-06 03:43:07.587  1708  1717 W System  : A resource failed to call release. 
03-06 03:43:07.588   783  4479 E TaskPersister: File error accessing recents directory (directory doesn't exist?).
03-06 03:43:08.005   783  1290 I HalDevMgr: bestIfaceCreationProposal is null, requestIface=STA, existingIface=[name=wlan0 type=STA]
03-06 03:43:08.514 11438 11469 I okhttp.OkHttpClient: <-- 200 https://alertyai-backend.onrender.com/api/tasks (1266ms, unknown-length body)
03-06 03:43:09.434   783  1498 D WifiNl80211Manager: Scan result ready event
03-06 03:43:09.434   783  1498 D WifiNative: Scan result ready event
03-06 03:43:09.436  7154  7226 I WifiScanner: onFullResults
03-06 03:43:09.437  7154  7165 I WifiScanner: onFullResults
03-06 03:43:09.438   783  1290 I HalDevMgr: bestIfaceCreationProposal is null, requestIface=STA, existingIface=[name=wlan0 type=STA]
03-06 03:43:09.796  1414  1574 I QuickAccessWalletTile: QAW service is unavailable, recreating the wallet client.
03-06 03:43:11.015   783  1290 I HalDevMgr: bestIfaceCreationProposal is null, requestIface=STA, existingIface=[name=wlan0 type=STA]
03-06 03:43:11.103  1414  1574 D ControlsListingControllerImpl: Subscribing callback, service count: 0
03-06 03:43:11.108  1414  1574 D ControlsListingControllerImpl: Unsubscribing callback
03-06 03:43:11.313 11438 11483 D ProfileInstaller: Installing profile for com.alertyai.app
03-06 03:43:11.880  1414  1574 I QuickAccessWalletTile: QAW service is unavailable, recreating the wallet client.
03-06 03:43:12.042 11484 11484 W libbinder.BackendUnifiedServiceManager: Thread Pool max thread count is 0. Cannot cache binder as linkToDeath cannot be implemented. serviceName: package
03-06 03:43:12.134  2508  2508 I artd    : GetBestInfo: odex next to the dex file (/data/app/~~tOe8bwFaBMrWNWcLIcOtAg==/com.google.android.gms-dfrf4dbJNkHuXWbT3HsqOQ==/oat/x86_64/base.odex) is kOatUpToDate with filter 'speed-profile' executable 'false'
03-06 03:43:12.135  2508  2508 I artd    : GetBestInfo: odex next to the dex file (/data/app/~~tOe8bwFaBMrWNWcLIcOtAg==/com.google.android.gms-dfrf4dbJNkHuXWbT3HsqOQ==/oat/x86_64/split_CronetDynamite_installtime.odex) is kOatUpToDate with filter 'speed' executable 'false'
03-06 03:43:12.137  2508  2508 I artd    : GetBestInfo: odex next to the dex file (/data/app/~~tOe8bwFaBMrWNWcLIcOtAg==/com.google.android.gms-dfrf4dbJNkHuXWbT3HsqOQ==/oat/x86_64/split_DynamiteLoader_installtime.odex) is kOatUpToDate with filter 'speed' executable 'false'
03-06 03:43:12.138  2508  2508 I artd    : GetBestInfo: odex next to the dex file (/data/app/~~tOe8bwFaBMrWNWcLIcOtAg==/com.google.android.gms-dfrf4dbJNkHuXWbT3HsqOQ==/oat/x86_64/split_DynamiteModulesA_installtime.odex) is kOatUpToDate with filter 'speed' executable 'false'
03-06 03:43:12.139  2508  2508 I artd    : GetBestInfo: odex next to the dex file (/data/app/~~tOe8bwFaBMrWNWcLIcOtAg==/com.google.android.gms-dfrf4dbJNkHuXWbT3HsqOQ==/oat/x86_64/split_DynamiteModulesC_installtime.odex) is kOatUpToDate with filter 'speed' executable 'false'
03-06 03:43:12.140  2508  2508 I artd    : GetBestInfo: odex next to the dex file (/data/app/~~tOe8bwFaBMrWNWcLIcOtAg==/com.google.android.gms-dfrf4dbJNkHuXWbT3HsqOQ==/oat/x86_64/split_GoogleCertificates_installtime.odex) is kOatUpToDate with filter 'speed' executable 'false'
03-06 03:43:12.142  2508  2508 I artd    : GetBestInfo: odex next to the dex file (/data/app/~~tOe8bwFaBMrWNWcLIcOtAg==/com.google.android.gms-dfrf4dbJNkHuXWbT3HsqOQ==/oat/x86_64/split_MapsDynamite_installtime.odex) is kOatUpToDate with filter 'speed' executable 'false'
03-06 03:43:12.143  2508  2508 I artd    : GetBestInfo: odex next to the dex file (/data/app/~~tOe8bwFaBMrWNWcLIcOtAg==/com.google.android.gms-dfrf4dbJNkHuXWbT3HsqOQ==/oat/x86_64/split_MeasurementDynamite_installtime.odex) is kOatUpToDate with filter 'speed' executable 'false'
03-06 03:43:12.144  2508  2508 I artd    : GetBestInfo: odex next to the dex file (/data/app/~~tOe8bwFaBMrWNWcLIcOtAg==/com.google.android.gms-dfrf4dbJNkHuXWbT3HsqOQ==/oat/x86_64/split_all_locale_splits.odex) is kOatUpToDate with filter 'speed' executable 'false'
03-06 03:43:12.145  2508  2508 I artd    : GetBestInfo: /data/user_de/0/com.google.android.gms/app_chimera/m/0000000a/dl-TfliteDynamiteDynamite.integ_252130102100800.apk has no usable artifacts
03-06 03:43:12.146  2508  2508 I artd    : GetBestInfo: /data/user_de/0/com.google.android.gms/app_chimera/m/00000001/CronetDynamite.apk has no usable artifacts
03-06 03:43:12.146  2508  2508 I artd    : GetBestInfo: /data/user_de/0/com.google.android.gms/app_chimera/m/00000002/DynamiteLoader.apk has no usable artifacts
03-06 03:43:12.147  2508  2508 I artd    : GetBestInfo: /data/user_de/0/com.google.android.gms/app_chimera/m/00000017/dl-VisionOcr.optional_260834100000.apk has no usable artifacts
03-06 03:43:12.148  2508  2508 I artd    : GetBestInfo: /data/user_de/0/com.google.android.gms/app_chimera/m/00000005/GoogleCertificates.apk has no usable artifacts
03-06 03:43:12.149  2508  2508 I artd    : GetBestInfo: /data/user_de/0/com.google.android.gms/app_chimera/m/00000015/dl-Appsearch.optional_260834100800.apk has no usable artifacts
03-06 03:43:12.150  2508  2508 I artd    : GetBestInfo: /data/user_de/0/com.google.android.gms/app_chimera/m/00000008/dl-MlkitBarcodeUi.optional_253434100800.apk has no usable artifacts
03-06 03:43:12.152  2508  2508 I artd    : GetBestInfo: /data/user_de/0/com.google.android.gms/app_chimera/m/0000000f/dl-MlkitOcrCommon.optional_253434100800.apk has no usable artifacts
03-06 03:43:12.153  2508  2508 I artd    : GetBestInfo: /data/user_de/0/com.google.android.gms/app_chimera/m/0000000c/dl-VisionOcr.optional_253434100000.apk has no usable artifacts
03-06 03:43:12.154  2508  2508 I artd    : GetBestInfo: vdex next to the dex file (/data/user/0/com.google.android.gms/app_dg_cache/0B5F21648920603C6816E0B76773EED17E15FB77/oat/x86_64/the.vdex) is kOatUpToDate with filter 'verify' executable 'false'
03-06 03:43:12.155  2508  2508 I artd    : GetBestInfo: /data/user_de/0/com.google.android.gms/app_chimera/m/00000012/dl-MlkitOcrCommon.optional_260834100800.apk has no usable artifacts
03-06 03:43:12.157  2508  2508 I artd    : GetBestInfo: /data/user_de/0/com.google.android.gms/app_chimera/m/0000000d/dl-Appsearch.optional_253434100800.apk has no usable artifacts
03-06 03:43:12.158  2508  2508 I artd    : GetBestInfo: /data/user_de/0/com.google.android.gms/app_chimera/m/00000013/dl-MlkitBarcodeUi.optional_260834100800.apk has no usable artifacts
03-06 03:43:12.159  2508  2508 I artd    : GetBestInfo: /data/user_de/0/com.google.android.gms/app_chimera/m/00000007/MeasurementDynamite.apk has no usable artifacts
03-06 03:43:12.160  2508  2508 I artd    : GetBestInfo: /data/user_de/0/com.google.android.gms/app_chimera/m/00000014/dl-PlayCloudSearch.optional_260834100000.apk has no usable artifacts
03-06 03:43:12.161  2508  2508 I artd    : GetBestInfo: /data/user_de/0/com.google.android.gms/app_chimera/m/0000000e/dl-PlayCloudSearch.optional_253434100000.apk has no usable artifacts
03-06 03:43:13.427   660  5361 W libbinder.IPCThreadState: Sending oneway calls to frozen process.
03-06 03:43:13.427   660  5361 W libbinder.IPCThreadState: Sending oneway calls to frozen process.
03-06 03:43:14.019   783  1290 I HalDevMgr: bestIfaceCreationProposal is null, requestIface=STA, existingIface=[name=wlan0 type=STA]
